// Jest Snapshot v1, https://goo.gl/fbAQLP

exports[`Sample recipe  should match snapshot 1`] = `
"<!DOCTYPE html>
<html>
<head>
    <meta charset="utf-8"/>
    <title>Mixed vegetable and potato fritters with harissa</title>
    <style>
      body {
        font-family: 'Georgia', serif;
        font-size: 16px;
        line-height: 1.6;
        margin: 40px;
        color: #222;
      }

      .header {
        display: flex;
        justify-content: space-between;
        align-items: center;
        margin-bottom: 40px;
      }

      .app-title {
        font-size: 24px;
        font-weight: bold;
      }

      .logo {
        height: 40px;
      }

      .recipe-title {
        font-size: 26px;
        font-weight: bold;
      }

      .author {
        font-size: 16px;
        font-style: italic;
        margin-bottom: 20px;
      }

      .labels {
        margin: 20px 0;
      }

      .label {
        display: inline-block;
        padding: 4px 10px;
        margin-right: 6px;
        border-radius: 20px;
        font-size: 14px;
        font-weight: 600;
        color: white;
      }

      .label-vegetarian {
        background-color: #2f6348;
      }

      .label-dairy-free {
        background-color: #f5c344;
        color: #3c2c00;
      }

      .timing-table {
        display: flex;
        flex-wrap: wrap;
        gap: 2rem;
        padding: 1rem 0;
        border-top: 1px solid #ccc;
        border-bottom: 1px solid #ccc;
        margin-bottom: 2rem;
      }

      .timing-row {
        display: flex;
        align-items: center;
        gap: 0.6rem;
        font-size: 14px;
      }

      .icon {
        width: 20px;
        height: 20px;
        vertical-align: middle;
      }

      .two-columns {
        display: flex;
        justify-content: space-between;
        gap: 3rem;
      }

      .column {
        width: 50%;
      }

      .ingredients ul,
      .steps ul {
        padding-left: 1.5rem;
      }

      .ingredients li,
      .steps li {
        margin-bottom: 0.5rem;
      }

      .footer {
        border-top: 1px solid #ccc;
        margin-top: 3rem;
        padding-top: 1rem;
        font-size: 14px;
        color: #777;
      }

      .footer div {
        margin-bottom: 0.3rem;
      }
    </style>
</head>
<body>

<div class="header">
    <div class="app-title">Feast</div>
    <img src="guardianLogo.png" class="logo" alt="Company Logo"/>
</div>

<div class="recipe-title">Mixed vegetable and potato fritters with harissa</div>

    <div class="author">By profile/yotamottolenghi</div>



    <div class="labels">
        
            <span class="label label-vegetarian">vegetarian</span>
        
            <span class="label label-dairy-free">dairy-free</span>
        
    </div>


<div class="timing-table">
    
        <div class="timing-row">
            <div>
                
                    <svg class="icon" viewBox="0 0 24 24">
                        <circle cx="12" cy="12" r="10" stroke="#000" stroke-width="2" fill="none"/>
                        <path d="M12 6v6l4 2" stroke="#000" stroke-width="2" fill="none"/>
                    </svg>
                
            </div>
            <div>Prep 25 min</div>
        </div>
    
        <div class="timing-row">
            <div>
                
                    <svg class="icon" viewBox="0 0 24 24">
                        <path d="M4 10h16v2H4z" fill="#000"/>
                        <circle cx="6" cy="16" r="2" fill="#000"/>
                        <circle cx="18" cy="16" r="2" fill="#000"/>
                    </svg>
                
            </div>
            <div>Cook 1 hr 20 min</div>
        </div>
    

    
        <div class="timing-row">
            <svg class="icon" viewBox="0 0 24 24">
                <path d="M4 4h16v2H4zM4 8h16v2H4zM4 12h16v2H4z" fill="#000"/>
            </svg>
            <div>Serves 16 fritters</div>
        </div>
    
</div>

<div class="description">These are inspired by Moroccan maakouda, a fried potato street food snack. It’s usually stuffed into a sandwich with lots of harissa, although you can also serve it with yoghurt, to make it more kid-friendly. Serve warm or at room temperature: they won’t be as crisp once they’ve sat around for a bit, but they’ll still taste great</div>

<div class="two-columns">
    <div class="column ingredients">
        <h3>Ingredients</h3>
        <ul>
            
                
                    <li>
                        2
                        
                        baking potatoes,
                         - peeled and cut into 3cm chunks (500g net weight)
                        
                    </li>
                
                    <li>
                        
                        
                        Salt and black pepper
                        
                    </li>
                
                    <li>
                        250
                         g
                        
                        frozen mixed vegetables,
                         - steamed according to packet directions
                        
                    </li>
                
                    <li>
                        1
                         clove
                        
                        garlic,
                         - roughly chopped
                        
                    </li>
                
                    <li>
                        10
                         tbsp
                        
                        flat-leaf parsley,
                         - roughly chopped
                        
                    </li>
                
                    <li>
                        2
                         tsp
                        
                        cumin seeds,
                         - toasted and roughly crushed in a mortar
                        
                    </li>
                
                    <li>
                        1
                        
                        egg
                        
                    </li>
                
                    <li>
                        2
                         tsp
                        
                        lemon zest
                        
                    </li>
                
                    <li>
                        30
                         g
                        
                        plain flour,
                         - for coating
                        
                    </li>
                
                    <li>
                        700
                         ml
                        
                        sunflower oil,
                         - for deep frying
                        
                    </li>
                
            
                
                    <li>
                        1.5
                         tbsp
                        
                        rose harissa
                        
                    </li>
                
                    <li>
                        2
                         tbsp
                        
                        lemon juice
                        
                    </li>
                
                    <li>
                        1
                         tsp
                        
                        runny honey
                        
                    </li>
                
                    <li>
                        2
                        
                        garlic cloves
                         - peeled and crushed
                        
                    </li>
                
                    <li>
                        2
                         tbsp
                        
                        olive oil
                        
                    </li>
                
            
                
                    <li>
                        85
                         g
                        
                        plain flour
                        
                    </li>
                
                    <li>
                        40
                         g
                        
                        corn flour
                        
                    </li>
                
                    <li>
                        1.25
                         tsp
                        
                        instant dried yeast,
                         - or 12g fresh yeast, roughly crumbled
                        
                    </li>
                
                    <li>
                        0.66
                         tsp
                        
                        baking powder
                        
                    </li>
                
                    <li>
                        0.66
                         tsp
                        
                        ground turmeric
                        
                    </li>
                
                    <li>
                        135
                         ml
                        
                        lukewarm water
                        
                    </li>
                
            
        </ul>
    </div>

    <div class="column steps">
        <h3>Method</h3>
        <ul>
            
                <li>Put the potatoes and two teaspoons of salt in a medium saucepan for which you have a lid, add enough water to cover by about 3cm, then bring to a boil on a medium-high heat. Lower the heat to medium, cover and leave to cook for eight minutes, or until the potatoes are easily pierced with a knife. Drain well, then, once they’re cool enough to handle, use a potato ricer to rice the potatoes into a large bowl (if you don’t have a ricer, use a masher).</li>
            
                <li>While the potatoes are cooking, put the mixed vegetables, garlic and parsley in a food processor and pulse a few times, until finely chopped but not pureed. Add this to the mashed potato bowl, then mix in the cumin, egg, lemon zest, a teaspoon of salt and a good grind of pepper and refrigerate for 30 minutes, so the mix firms up slightly.</li>
            
                <li>Whisk all the dip ingredients and a pinch of salt in a small bowl.</li>
            
                <li>Make the batter by whisking all the ingredients in a medium bowl, then leave to bubble up for about 20 minutes.</li>
            
                <li>Meanwhile, put the 30g flour in a shallow bowl. Use your hands to make roughly 5cm-diameter, 40-45g patties out of the potato mixture – you should end up with about 16 patties, and don’t worry if they’re not perfect. Dip each patty into the flour to coat, shaking off the excess, and put on an oven tray.</li>
            
                <li>Heat the sunflower oil in a medium-sized high-sided saute pan over a medium-high heat. Once the oil is hot, and working one patty at a time, dip a patty into the batter to coat, then drop into the hot oil (don’t worry if there are scraggly bits of batter – this just adds to the look). Fry the patties in three batches, for about six or seven minutes each, until deeply golden. Use a slotted spoon to transfer to a tray lined with kitchen paper and repeat with the remaining patties and batter.</li>
            
                <li>Transfer the fritters to a large plate and serve hot with the harissa dip in a bowl alongside.</li>
            
        </ul>
    </div>
</div>

</body>
</html>
"
`;
