// Jest Snapshot v1, https://goo.gl/fbAQLP

exports[`The RecipesBackend stack matches the snapshot 1`] = `
{
  "Metadata": {
    "gu:cdk:constructs": [],
    "gu:cdk:version": "TEST",
  },
  "Parameters": {
    "AssetParametersb7f33614a69548d6bafe224d751a7ef238cde19097415e553fe8b63a4c8fd8a6ArtifactHash7E7F1011": {
      "Description": "Artifact hash for asset "b7f33614a69548d6bafe224d751a7ef238cde19097415e553fe8b63a4c8fd8a6"",
      "Type": "String",
    },
    "AssetParametersb7f33614a69548d6bafe224d751a7ef238cde19097415e553fe8b63a4c8fd8a6S3Bucket003C01C0": {
      "Description": "S3 bucket for asset "b7f33614a69548d6bafe224d751a7ef238cde19097415e553fe8b63a4c8fd8a6"",
      "Type": "String",
    },
    "AssetParametersb7f33614a69548d6bafe224d751a7ef238cde19097415e553fe8b63a4c8fd8a6S3VersionKey63B90A34": {
      "Description": "S3 key for asset version "b7f33614a69548d6bafe224d751a7ef238cde19097415e553fe8b63a4c8fd8a6"",
      "Type": "String",
    },
  },
  "Resources": {
    "CustomS3AutoDeleteObjectsCustomResourceProviderHandler9D90184F": {
      "DependsOn": [
        "CustomS3AutoDeleteObjectsCustomResourceProviderRole3B1BD092",
      ],
      "Properties": {
        "Code": {
          "S3Bucket": {
            "Ref": "AssetParametersb7f33614a69548d6bafe224d751a7ef238cde19097415e553fe8b63a4c8fd8a6S3Bucket003C01C0",
          },
          "S3Key": {
            "Fn::Join": [
              "",
              [
                {
                  "Fn::Select": [
                    0,
                    {
                      "Fn::Split": [
                        "||",
                        {
                          "Ref": "AssetParametersb7f33614a69548d6bafe224d751a7ef238cde19097415e553fe8b63a4c8fd8a6S3VersionKey63B90A34",
                        },
                      ],
                    },
                  ],
                },
                {
                  "Fn::Select": [
                    1,
                    {
                      "Fn::Split": [
                        "||",
                        {
                          "Ref": "AssetParametersb7f33614a69548d6bafe224d751a7ef238cde19097415e553fe8b63a4c8fd8a6S3VersionKey63B90A34",
                        },
                      ],
                    },
                  ],
                },
              ],
            ],
          },
        },
        "Description": {
          "Fn::Join": [
            "",
            [
              "Lambda function for auto-deleting objects in ",
              {
                "Ref": "staticstaticServing53194089",
              },
              " S3 bucket.",
            ],
          ],
        },
        "Handler": "index.handler",
        "MemorySize": 128,
        "Role": {
          "Fn::GetAtt": [
            "CustomS3AutoDeleteObjectsCustomResourceProviderRole3B1BD092",
            "Arn",
          ],
        },
        "Runtime": "nodejs18.x",
        "Timeout": 900,
      },
      "Type": "AWS::Lambda::Function",
    },
    "CustomS3AutoDeleteObjectsCustomResourceProviderRole3B1BD092": {
      "Properties": {
        "AssumeRolePolicyDocument": {
          "Statement": [
            {
              "Action": "sts:AssumeRole",
              "Effect": "Allow",
              "Principal": {
                "Service": "lambda.amazonaws.com",
              },
            },
          ],
          "Version": "2012-10-17",
        },
        "ManagedPolicyArns": [
          {
            "Fn::Sub": "arn:\${AWS::Partition}:iam::aws:policy/service-role/AWSLambdaBasicExecutionRole",
          },
        ],
      },
      "Type": "AWS::IAM::Role",
    },
    "staticstaticServing53194089": {
      "DeletionPolicy": "Delete",
      "Properties": {
        "BucketName": "recipes-backend-static-test",
        "Tags": [
          {
            "Key": "aws-cdk:auto-delete-objects",
            "Value": "true",
          },
          {
            "Key": "gu:cdk:version",
            "Value": "TEST",
          },
          {
            "Key": "gu:repo",
            "Value": "guardian/recipes-api",
          },
          {
            "Key": "Stack",
            "Value": "content-api",
          },
          {
            "Key": "Stage",
            "Value": "TEST",
          },
        ],
      },
      "Type": "AWS::S3::Bucket",
      "UpdateReplacePolicy": "Delete",
    },
    "staticstaticServingAutoDeleteObjectsCustomResource901DD148": {
      "DeletionPolicy": "Delete",
      "DependsOn": [
        "staticstaticServingPolicyC6F5921B",
      ],
      "Properties": {
        "BucketName": {
          "Ref": "staticstaticServing53194089",
        },
        "ServiceToken": {
          "Fn::GetAtt": [
            "CustomS3AutoDeleteObjectsCustomResourceProviderHandler9D90184F",
            "Arn",
          ],
        },
      },
      "Type": "Custom::S3AutoDeleteObjects",
      "UpdateReplacePolicy": "Delete",
    },
    "staticstaticServingPolicyC6F5921B": {
      "Properties": {
        "Bucket": {
          "Ref": "staticstaticServing53194089",
        },
        "PolicyDocument": {
          "Statement": [
            {
              "Action": "s3:*",
              "Condition": {
                "Bool": {
                  "aws:SecureTransport": "false",
                },
              },
              "Effect": "Deny",
              "Principal": {
                "AWS": "*",
              },
              "Resource": [
                {
                  "Fn::GetAtt": [
                    "staticstaticServing53194089",
                    "Arn",
                  ],
                },
                {
                  "Fn::Join": [
                    "",
                    [
                      {
                        "Fn::GetAtt": [
                          "staticstaticServing53194089",
                          "Arn",
                        ],
                      },
                      "/*",
                    ],
                  ],
                },
              ],
            },
            {
              "Action": "s3:GetObject",
              "Effect": "Allow",
              "Principal": {
                "AWS": "*",
              },
              "Resource": {
                "Fn::Join": [
                  "",
                  [
                    {
                      "Fn::GetAtt": [
                        "staticstaticServing53194089",
                        "Arn",
                      ],
                    },
                    "/*",
                  ],
                ],
              },
            },
            {
              "Action": [
                "s3:PutBucketPolicy",
                "s3:GetBucket*",
                "s3:List*",
                "s3:DeleteObject*",
              ],
              "Effect": "Allow",
              "Principal": {
                "AWS": {
                  "Fn::GetAtt": [
                    "CustomS3AutoDeleteObjectsCustomResourceProviderRole3B1BD092",
                    "Arn",
                  ],
                },
              },
              "Resource": [
                {
                  "Fn::GetAtt": [
                    "staticstaticServing53194089",
                    "Arn",
                  ],
                },
                {
                  "Fn::Join": [
                    "",
                    [
                      {
                        "Fn::GetAtt": [
                          "staticstaticServing53194089",
                          "Arn",
                        ],
                      },
                      "/*",
                    ],
                  ],
                },
              ],
            },
          ],
          "Version": "2012-10-17",
        },
      },
      "Type": "AWS::S3::BucketPolicy",
    },
  },
}
`;
