// Jest Snapshot v1, https://goo.gl/fbAQLP

exports[`The RecipesBackend stack matches the snapshot 1`] = `
{
  "Metadata": {
    "gu:cdk:constructs": [
      "GuDistributionBucketParameter",
      "GuLambdaFunction",
      "GuParameter",
      "GuParameter",
      "GuKinesisLambdaExperimental",
      "GuApiLambda",
    ],
    "gu:cdk:version": "TEST",
  },
  "Outputs": {
    "LambdarecipesbackendTESTEndpointFC1C435D": {
      "Value": {
        "Fn::Join": [
          "",
          [
            "https://",
            {
              "Ref": "LambdarecipesbackendTEST4B1DC1BE",
            },
            ".execute-api.",
            {
              "Ref": "AWS::Region",
            },
            ".",
            {
              "Ref": "AWS::URLSuffix",
            },
            "/",
            {
              "Ref": "LambdarecipesbackendTESTDeploymentStageprodB9F3A129",
            },
            "/",
          ],
        ],
      },
    },
  },
  "Parameters": {
    "DistributionBucketName": {
      "Default": "/account/services/artifact.bucket",
      "Description": "SSM parameter containing the S3 bucket name holding distribution artifacts",
      "Type": "AWS::SSM::Parameter::Value<String>",
    },
    "capiKey": {
      "Default": "/TEST/content-api/recipes-responder/capi-key",
      "Type": "AWS::SSM::Parameter::Value<String>",
    },
    "fastlyKey": {
      "Default": "/TEST/content-api/recipes-responder/fastly-key",
      "Type": "AWS::SSM::Parameter::Value<String>",
    },
    "externalsnonurgentalarmarnParameter3CDDBCA7": {
      "Default": "/account/content-api-common/alarms/non-urgent-alarm-topic",
      "Type": "AWS::SSM::Parameter::Value<String>",
    },
    "externalsurgentalarmarnParameterCE71CB92": {
      "Default": "/account/content-api-common/alarms/urgent-alarm-topic",
      "Type": "AWS::SSM::Parameter::Value<String>",
    },
    "fastlyKey": {
      "Default": "/TEST/content-api/recipes-responder/fastly-key",
      "Type": "AWS::SSM::Parameter::Value<String>",
    },
  },
  "Resources": {
    "DurationRuntimeAlarmC21C10E0": {
      "Properties": {
        "ActionsEnabled": true,
        "AlarmActions": [
          {
            "Ref": "externalsurgentalarmarnParameterCE71CB92",
          },
        ],
        "AlarmDescription": "Recipe backend ingest lambda at 75% of allowed duration",
        "ComparisonOperator": "GreaterThanThreshold",
        "Dimensions": [
          {
            "Name": "FunctionName",
            "Value": {
              "Ref": "updaterLambdaE2EB52D9",
            },
          },
        ],
        "EvaluationPeriods": 3,
        "MetricName": "Duration",
        "Namespace": "AWS/Lambda",
        "Period": 180,
        "Statistic": "Maximum",
        "Threshold": 22500,
        "TreatMissingData": "ignore",
        "Unit": "Milliseconds",
      },
      "Type": "AWS::CloudWatch::Alarm",
    },
    "LambdaD247545B": {
      "DependsOn": [
        "LambdaServiceRoleDefaultPolicyDAE46E21",
        "LambdaServiceRoleA8ED4D3B",
      ],
      "Properties": {
        "Architectures": [
          "arm64",
        ],
        "Code": {
          "S3Bucket": {
            "Ref": "DistributionBucketName",
          },
          "S3Key": "content-api/TEST/recipes-backend-rest-endpoints/rest-endpoints.zip",
        },
        "Description": "REST API endpoints for the recipe backend",
        "Environment": {
          "Variables": {
            "APP": "recipes-backend-rest-endpoints",
            "CONTENT_URL_BASE": "recipes.guardianapis.com",
            "FASTLY_API_KEY": {
              "Ref": "fastlyKey",
            },
            "STACK": "content-api",
            "STAGE": "TEST",
            "STATIC_BUCKET": {
              "Ref": "staticstaticServing53194089",
            },
          },
        },
        "FunctionName": "recipes-backend-rest-endpoints-TEST",
        "Handler": "main.handler",
        "MemorySize": 128,
        "Role": {
          "Fn::GetAtt": [
            "LambdaServiceRoleA8ED4D3B",
            "Arn",
          ],
        },
        "Runtime": "nodejs18.x",
        "Tags": [
          {
            "Key": "App",
            "Value": "recipes-backend-rest-endpoints",
          },
          {
            "Key": "gu:cdk:version",
            "Value": "TEST",
          },
          {
            "Key": "gu:repo",
            "Value": "guardian/recipes-backend",
          },
          {
            "Key": "Stack",
            "Value": "content-api",
          },
          {
            "Key": "Stage",
            "Value": "TEST",
          },
        ],
        "Timeout": 30,
      },
      "Type": "AWS::Lambda::Function",
    },
    "LambdaServiceRoleA8ED4D3B": {
      "Properties": {
        "AssumeRolePolicyDocument": {
          "Statement": [
            {
              "Action": "sts:AssumeRole",
              "Effect": "Allow",
              "Principal": {
                "Service": "lambda.amazonaws.com",
              },
            },
          ],
          "Version": "2012-10-17",
        },
        "ManagedPolicyArns": [
          {
            "Fn::Join": [
              "",
              [
                "arn:",
                {
                  "Ref": "AWS::Partition",
                },
                ":iam::aws:policy/service-role/AWSLambdaBasicExecutionRole",
              ],
            ],
          },
        ],
        "Tags": [
          {
            "Key": "App",
            "Value": "recipes-backend-rest-endpoints",
          },
          {
            "Key": "gu:cdk:version",
            "Value": "TEST",
          },
          {
            "Key": "gu:repo",
            "Value": "guardian/recipes-backend",
          },
          {
            "Key": "Stack",
            "Value": "content-api",
          },
          {
            "Key": "Stage",
            "Value": "TEST",
          },
        ],
      },
      "Type": "AWS::IAM::Role",
    },
    "LambdaServiceRoleDefaultPolicyDAE46E21": {
      "Properties": {
        "PolicyDocument": {
          "Statement": [
            {
              "Action": "s3:PutObject",
              "Effect": "Allow",
              "Resource": {
                "Fn::Join": [
                  "",
                  [
                    {
                      "Fn::GetAtt": [
                        "staticstaticServing53194089",
                        "Arn",
                      ],
                    },
                    "/curation.json",
                  ],
                ],
              },
            },
            {
              "Action": [
                "s3:GetObject*",
                "s3:GetBucket*",
                "s3:List*",
              ],
              "Effect": "Allow",
              "Resource": [
                {
                  "Fn::Join": [
                    "",
                    [
                      "arn:",
                      {
                        "Ref": "AWS::Partition",
                      },
                      ":s3:::",
                      {
                        "Ref": "DistributionBucketName",
                      },
                    ],
                  ],
                },
                {
                  "Fn::Join": [
                    "",
                    [
                      "arn:",
                      {
                        "Ref": "AWS::Partition",
                      },
                      ":s3:::",
                      {
                        "Ref": "DistributionBucketName",
                      },
                      "/content-api/TEST/recipes-backend-rest-endpoints/rest-endpoints.zip",
                    ],
                  ],
                },
              ],
            },
            {
              "Action": "ssm:GetParametersByPath",
              "Effect": "Allow",
              "Resource": {
                "Fn::Join": [
                  "",
                  [
                    "arn:aws:ssm:",
                    {
                      "Ref": "AWS::Region",
                    },
                    ":",
                    {
                      "Ref": "AWS::AccountId",
                    },
                    ":parameter/TEST/content-api/recipes-backend-rest-endpoints",
                  ],
                ],
              },
            },
            {
              "Action": [
                "ssm:GetParameters",
                "ssm:GetParameter",
              ],
              "Effect": "Allow",
              "Resource": {
                "Fn::Join": [
                  "",
                  [
                    "arn:aws:ssm:",
                    {
                      "Ref": "AWS::Region",
                    },
                    ":",
                    {
                      "Ref": "AWS::AccountId",
                    },
                    ":parameter/TEST/content-api/recipes-backend-rest-endpoints/*",
                  ],
                ],
              },
            },
          ],
          "Version": "2012-10-17",
        },
        "PolicyName": "LambdaServiceRoleDefaultPolicyDAE46E21",
        "Roles": [
          {
            "Ref": "LambdaServiceRoleA8ED4D3B",
          },
        ],
      },
      "Type": "AWS::IAM::Policy",
    },
    "LambdarecipesbackendTEST4B1DC1BE": {
      "Properties": {
        "ApiKeySourceType": "HEADER",
        "EndpointConfiguration": {
          "Types": [
            "REGIONAL",
          ],
        },
        "Name": "content-api-TEST-recipes-backend-TEST",
        "Tags": [
          {
            "Key": "App",
            "Value": "recipes-backend-rest-endpoints",
          },
          {
            "Key": "gu:cdk:version",
            "Value": "TEST",
          },
          {
            "Key": "gu:repo",
            "Value": "guardian/recipes-backend",
          },
          {
            "Key": "Stack",
            "Value": "content-api",
          },
          {
            "Key": "Stage",
            "Value": "TEST",
          },
        ],
      },
      "Type": "AWS::ApiGateway::RestApi",
    },
    "LambdarecipesbackendTESTANY6672F729": {
      "Properties": {
        "ApiKeyRequired": true,
        "AuthorizationType": "NONE",
        "HttpMethod": "ANY",
        "Integration": {
          "IntegrationHttpMethod": "POST",
          "Type": "AWS_PROXY",
          "Uri": {
            "Fn::Join": [
              "",
              [
                "arn:",
                {
                  "Ref": "AWS::Partition",
                },
                ":apigateway:",
                {
                  "Ref": "AWS::Region",
                },
                ":lambda:path/2015-03-31/functions/",
                {
                  "Fn::GetAtt": [
                    "LambdaD247545B",
                    "Arn",
                  ],
                },
                "/invocations",
              ],
            ],
          },
        },
        "ResourceId": {
          "Fn::GetAtt": [
            "LambdarecipesbackendTEST4B1DC1BE",
            "RootResourceId",
          ],
        },
        "RestApiId": {
          "Ref": "LambdarecipesbackendTEST4B1DC1BE",
        },
      },
      "Type": "AWS::ApiGateway::Method",
    },
    "LambdarecipesbackendTESTANYApiPermissionRecipesBackendLambdarecipesbackendTEST4DC0CA32ANY04EC2491": {
      "Properties": {
        "Action": "lambda:InvokeFunction",
        "FunctionName": {
          "Fn::GetAtt": [
            "LambdaD247545B",
            "Arn",
          ],
        },
        "Principal": "apigateway.amazonaws.com",
        "SourceArn": {
          "Fn::Join": [
            "",
            [
              "arn:",
              {
                "Ref": "AWS::Partition",
              },
              ":execute-api:",
              {
                "Ref": "AWS::Region",
              },
              ":",
              {
                "Ref": "AWS::AccountId",
              },
              ":",
              {
                "Ref": "LambdarecipesbackendTEST4B1DC1BE",
              },
              "/",
              {
                "Ref": "LambdarecipesbackendTESTDeploymentStageprodB9F3A129",
              },
              "/*/",
            ],
          ],
        },
      },
      "Type": "AWS::Lambda::Permission",
    },
    "LambdarecipesbackendTESTANYApiPermissionTestRecipesBackendLambdarecipesbackendTEST4DC0CA32ANY35ECC907": {
      "Properties": {
        "Action": "lambda:InvokeFunction",
        "FunctionName": {
          "Fn::GetAtt": [
            "LambdaD247545B",
            "Arn",
          ],
        },
        "Principal": "apigateway.amazonaws.com",
        "SourceArn": {
          "Fn::Join": [
            "",
            [
              "arn:",
              {
                "Ref": "AWS::Partition",
              },
              ":execute-api:",
              {
                "Ref": "AWS::Region",
              },
              ":",
              {
                "Ref": "AWS::AccountId",
              },
              ":",
              {
                "Ref": "LambdarecipesbackendTEST4B1DC1BE",
              },
              "/test-invoke-stage/*/",
            ],
          ],
        },
      },
      "Type": "AWS::Lambda::Permission",
    },
    "LambdarecipesbackendTESTAccount7462C531": {
      "DeletionPolicy": "Retain",
      "DependsOn": [
        "LambdarecipesbackendTEST4B1DC1BE",
      ],
      "Properties": {
        "CloudWatchRoleArn": {
          "Fn::GetAtt": [
            "LambdarecipesbackendTESTCloudWatchRoleFC1D32BF",
            "Arn",
          ],
        },
      },
      "Type": "AWS::ApiGateway::Account",
      "UpdateReplacePolicy": "Retain",
    },
    "LambdarecipesbackendTESTCloudWatchRoleFC1D32BF": {
      "DeletionPolicy": "Retain",
      "Properties": {
        "AssumeRolePolicyDocument": {
          "Statement": [
            {
              "Action": "sts:AssumeRole",
              "Effect": "Allow",
              "Principal": {
                "Service": "apigateway.amazonaws.com",
              },
            },
          ],
          "Version": "2012-10-17",
        },
        "ManagedPolicyArns": [
          {
            "Fn::Join": [
              "",
              [
                "arn:",
                {
                  "Ref": "AWS::Partition",
                },
                ":iam::aws:policy/service-role/AmazonAPIGatewayPushToCloudWatchLogs",
              ],
            ],
          },
        ],
        "Tags": [
          {
            "Key": "App",
            "Value": "recipes-backend-rest-endpoints",
          },
          {
            "Key": "gu:cdk:version",
            "Value": "TEST",
          },
          {
            "Key": "gu:repo",
            "Value": "guardian/recipes-backend",
          },
          {
            "Key": "Stack",
            "Value": "content-api",
          },
          {
            "Key": "Stage",
            "Value": "TEST",
          },
        ],
      },
      "Type": "AWS::IAM::Role",
      "UpdateReplacePolicy": "Retain",
    },
    "LambdarecipesbackendTESTDeploymentE6FBC51Cfc12f3dde865798df25646d21b1ca842": {
      "DependsOn": [
        "LambdarecipesbackendTESTproxyANYB2172EAF",
        "LambdarecipesbackendTESTproxyE7B5C009",
        "LambdarecipesbackendTESTANY6672F729",
      ],
      "Properties": {
        "Description": "Automatically created by the RestApi construct",
        "RestApiId": {
          "Ref": "LambdarecipesbackendTEST4B1DC1BE",
        },
      },
      "Type": "AWS::ApiGateway::Deployment",
    },
    "LambdarecipesbackendTESTDeploymentStageprodB9F3A129": {
      "DependsOn": [
        "LambdarecipesbackendTESTAccount7462C531",
      ],
      "Properties": {
        "DeploymentId": {
          "Ref": "LambdarecipesbackendTESTDeploymentE6FBC51Cfc12f3dde865798df25646d21b1ca842",
        },
        "RestApiId": {
          "Ref": "LambdarecipesbackendTEST4B1DC1BE",
        },
        "StageName": "prod",
        "Tags": [
          {
            "Key": "App",
            "Value": "recipes-backend-rest-endpoints",
          },
          {
            "Key": "gu:cdk:version",
            "Value": "TEST",
          },
          {
            "Key": "gu:repo",
            "Value": "guardian/recipes-backend",
          },
          {
            "Key": "Stack",
            "Value": "content-api",
          },
          {
            "Key": "Stage",
            "Value": "TEST",
          },
        ],
      },
      "Type": "AWS::ApiGateway::Stage",
    },
    "LambdarecipesbackendTESTUsagePlan03DEBC29": {
      "Properties": {
        "ApiStages": [
          {
            "ApiId": {
              "Ref": "LambdarecipesbackendTEST4B1DC1BE",
            },
            "Stage": {
              "Ref": "LambdarecipesbackendTESTDeploymentStageprodB9F3A129",
            },
            "Throttle": {},
          },
        ],
        "Description": "REST endpoints for recipes backend",
        "Tags": [
          {
            "Key": "App",
            "Value": "recipes-backend-rest-endpoints",
          },
          {
            "Key": "gu:cdk:version",
            "Value": "TEST",
          },
          {
            "Key": "gu:repo",
            "Value": "guardian/recipes-backend",
          },
          {
            "Key": "Stack",
            "Value": "content-api",
          },
          {
            "Key": "Stage",
            "Value": "TEST",
          },
        ],
        "UsagePlanName": "recipes-backend-TEST",
      },
      "Type": "AWS::ApiGateway::UsagePlan",
    },
    "LambdarecipesbackendTESTproxyANYApiPermissionRecipesBackendLambdarecipesbackendTEST4DC0CA32ANYproxy3380861A": {
      "Properties": {
        "Action": "lambda:InvokeFunction",
        "FunctionName": {
          "Fn::GetAtt": [
            "LambdaD247545B",
            "Arn",
          ],
        },
        "Principal": "apigateway.amazonaws.com",
        "SourceArn": {
          "Fn::Join": [
            "",
            [
              "arn:",
              {
                "Ref": "AWS::Partition",
              },
              ":execute-api:",
              {
                "Ref": "AWS::Region",
              },
              ":",
              {
                "Ref": "AWS::AccountId",
              },
              ":",
              {
                "Ref": "LambdarecipesbackendTEST4B1DC1BE",
              },
              "/",
              {
                "Ref": "LambdarecipesbackendTESTDeploymentStageprodB9F3A129",
              },
              "/*/*",
            ],
          ],
        },
      },
      "Type": "AWS::Lambda::Permission",
    },
    "LambdarecipesbackendTESTproxyANYApiPermissionTestRecipesBackendLambdarecipesbackendTEST4DC0CA32ANYproxy9D7DF76E": {
      "Properties": {
        "Action": "lambda:InvokeFunction",
        "FunctionName": {
          "Fn::GetAtt": [
            "LambdaD247545B",
            "Arn",
          ],
        },
        "Principal": "apigateway.amazonaws.com",
        "SourceArn": {
          "Fn::Join": [
            "",
            [
              "arn:",
              {
                "Ref": "AWS::Partition",
              },
              ":execute-api:",
              {
                "Ref": "AWS::Region",
              },
              ":",
              {
                "Ref": "AWS::AccountId",
              },
              ":",
              {
                "Ref": "LambdarecipesbackendTEST4B1DC1BE",
              },
              "/test-invoke-stage/*/*",
            ],
          ],
        },
      },
      "Type": "AWS::Lambda::Permission",
    },
    "LambdarecipesbackendTESTproxyANYB2172EAF": {
      "Properties": {
        "ApiKeyRequired": true,
        "AuthorizationType": "NONE",
        "HttpMethod": "ANY",
        "Integration": {
          "IntegrationHttpMethod": "POST",
          "Type": "AWS_PROXY",
          "Uri": {
            "Fn::Join": [
              "",
              [
                "arn:",
                {
                  "Ref": "AWS::Partition",
                },
                ":apigateway:",
                {
                  "Ref": "AWS::Region",
                },
                ":lambda:path/2015-03-31/functions/",
                {
                  "Fn::GetAtt": [
                    "LambdaD247545B",
                    "Arn",
                  ],
                },
                "/invocations",
              ],
            ],
          },
        },
        "ResourceId": {
          "Ref": "LambdarecipesbackendTESTproxyE7B5C009",
        },
        "RestApiId": {
          "Ref": "LambdarecipesbackendTEST4B1DC1BE",
        },
      },
      "Type": "AWS::ApiGateway::Method",
    },
    "LambdarecipesbackendTESTproxyE7B5C009": {
      "Properties": {
        "ParentId": {
          "Fn::GetAtt": [
            "LambdarecipesbackendTEST4B1DC1BE",
            "RootResourceId",
          ],
        },
        "PathPart": "{proxy+}",
        "RestApiId": {
          "Ref": "LambdarecipesbackendTEST4B1DC1BE",
        },
      },
      "Type": "AWS::ApiGateway::Resource",
    },
    "staticcdnRead42C381A5": {
      "Properties": {
        "Tags": [
          {
            "Key": "gu:cdk:version",
            "Value": "TEST",
          },
          {
            "Key": "gu:repo",
            "Value": "guardian/recipes-backend",
          },
          {
            "Key": "Stack",
            "Value": "content-api",
          },
          {
            "Key": "Stage",
            "Value": "TEST",
          },
        ],
        "UserName": "recipes-api-cdn-TEST",
      },
      "Type": "AWS::IAM::User",
    },
    "staticcdnReadDefaultPolicy5DF868F9": {
      "Properties": {
        "PolicyDocument": {
          "Statement": [
            {
              "Action": "s3:GetObject",
              "Effect": "Allow",
              "Resource": {
                "Fn::Join": [
                  "",
                  [
                    {
                      "Fn::GetAtt": [
                        "staticstaticServing53194089",
                        "Arn",
                      ],
                    },
                    "/*",
                  ],
                ],
              },
            },
          ],
          "Version": "2012-10-17",
        },
        "PolicyName": "staticcdnReadDefaultPolicy5DF868F9",
        "Users": [
          {
            "Ref": "staticcdnRead42C381A5",
          },
        ],
      },
      "Type": "AWS::IAM::Policy",
    },
    "staticstaticServing53194089": {
      "DeletionPolicy": "Delete",
      "Properties": {
        "BucketName": "recipes-backend-static-test",
        "Tags": [
          {
            "Key": "gu:cdk:version",
            "Value": "TEST",
          },
          {
            "Key": "gu:repo",
            "Value": "guardian/recipes-backend",
          },
          {
            "Key": "Stack",
            "Value": "content-api",
          },
          {
            "Key": "Stage",
            "Value": "TEST",
          },
        ],
      },
      "Type": "AWS::S3::Bucket",
      "UpdateReplacePolicy": "Delete",
    },
    "staticstaticServingPolicyC6F5921B": {
      "Properties": {
        "Bucket": {
          "Ref": "staticstaticServing53194089",
        },
        "PolicyDocument": {
          "Statement": [
            {
              "Action": "s3:*",
              "Condition": {
                "Bool": {
                  "aws:SecureTransport": "false",
                },
              },
              "Effect": "Deny",
              "Principal": {
                "AWS": "*",
              },
              "Resource": [
                {
                  "Fn::GetAtt": [
                    "staticstaticServing53194089",
                    "Arn",
                  ],
                },
                {
                  "Fn::Join": [
                    "",
                    [
                      {
                        "Fn::GetAtt": [
                          "staticstaticServing53194089",
                          "Arn",
                        ],
                      },
                      "/*",
                    ],
                  ],
                },
              ],
            },
          ],
          "Version": "2012-10-17",
        },
      },
      "Type": "AWS::S3::BucketPolicy",
    },
    "storeRecipeTableC3AD84B7": {
      "DeletionPolicy": "Retain",
      "Properties": {
        "AttributeDefinitions": [
          {
            "AttributeName": "capiArticleId",
            "AttributeType": "S",
          },
          {
            "AttributeName": "recipeUID",
            "AttributeType": "S",
          },
          {
            "AttributeName": "lastUpdated",
            "AttributeType": "S",
          },
        ],
        "BillingMode": "PAY_PER_REQUEST",
        "GlobalSecondaryIndexes": [
          {
            "IndexName": "idxArticleLastUpdated",
            "KeySchema": [
              {
                "AttributeName": "capiArticleId",
                "KeyType": "HASH",
              },
              {
                "AttributeName": "lastUpdated",
                "KeyType": "RANGE",
              },
            ],
            "Projection": {
              "NonKeyAttributes": [
                "recipeVersion",
              ],
              "ProjectionType": "INCLUDE",
            },
          },
        ],
        "KeySchema": [
          {
            "AttributeName": "capiArticleId",
            "KeyType": "HASH",
          },
          {
            "AttributeName": "recipeUID",
            "KeyType": "RANGE",
          },
        ],
        "PointInTimeRecoverySpecification": {
          "PointInTimeRecoveryEnabled": true,
        },
        "SSESpecification": {
          "SSEEnabled": true,
        },
        "TableName": "recipes-backend-indexstore-TEST",
        "Tags": [
          {
            "Key": "gu:cdk:version",
            "Value": "TEST",
          },
          {
            "Key": "gu:repo",
            "Value": "guardian/recipes-backend",
          },
          {
            "Key": "Stack",
            "Value": "content-api",
          },
          {
            "Key": "Stage",
            "Value": "TEST",
          },
        ],
      },
      "Type": "AWS::DynamoDB::Table",
      "UpdateReplacePolicy": "Retain",
    },
    "testIndexLambda2BDF8073": {
      "DependsOn": [
        "testIndexLambdaServiceRoleDefaultPolicyD508FE80",
        "testIndexLambdaServiceRole56B9AD34",
      ],
      "Properties": {
        "Architectures": [
          "arm64",
        ],
        "Code": {
          "S3Bucket": {
            "Ref": "DistributionBucketName",
          },
          "S3Key": "content-api/TEST/recipes-backend-testindex/test-indexbuild-lambda.zip",
        },
        "Environment": {
          "Variables": {
            "APP": "recipes-backend-testindex",
            "INDEX_TABLE": {
              "Ref": "storeRecipeTableC3AD84B7",
            },
            "LAST_UPDATED_INDEX": "idxArticleLastUpdated",
            "STACK": "content-api",
            "STAGE": "TEST",
            "STATIC_BUCKET": {
              "Ref": "staticstaticServing53194089",
            },
          },
        },
        "Handler": "main.handler",
        "MemorySize": 512,
        "Role": {
          "Fn::GetAtt": [
            "testIndexLambdaServiceRole56B9AD34",
            "Arn",
          ],
        },
        "Runtime": "nodejs18.x",
        "Tags": [
          {
            "Key": "App",
            "Value": "recipes-backend-testindex",
          },
          {
            "Key": "gu:cdk:version",
            "Value": "TEST",
          },
          {
            "Key": "gu:repo",
            "Value": "guardian/recipes-backend",
          },
          {
            "Key": "Stack",
            "Value": "content-api",
          },
          {
            "Key": "Stage",
            "Value": "TEST",
          },
        ],
        "Timeout": 30,
      },
      "Type": "AWS::Lambda::Function",
    },
    "testIndexLambdaServiceRole56B9AD34": {
      "Properties": {
        "AssumeRolePolicyDocument": {
          "Statement": [
            {
              "Action": "sts:AssumeRole",
              "Effect": "Allow",
              "Principal": {
                "Service": "lambda.amazonaws.com",
              },
            },
          ],
          "Version": "2012-10-17",
        },
        "ManagedPolicyArns": [
          {
            "Fn::Join": [
              "",
              [
                "arn:",
                {
                  "Ref": "AWS::Partition",
                },
                ":iam::aws:policy/service-role/AWSLambdaBasicExecutionRole",
              ],
            ],
          },
        ],
        "Tags": [
          {
            "Key": "App",
            "Value": "recipes-backend-testindex",
          },
          {
            "Key": "gu:cdk:version",
            "Value": "TEST",
          },
          {
            "Key": "gu:repo",
            "Value": "guardian/recipes-backend",
          },
          {
            "Key": "Stack",
            "Value": "content-api",
          },
          {
            "Key": "Stage",
            "Value": "TEST",
          },
        ],
      },
      "Type": "AWS::IAM::Role",
    },
    "testIndexLambdaServiceRoleDefaultPolicyD508FE80": {
      "Properties": {
        "PolicyDocument": {
          "Statement": [
            {
              "Action": [
                "s3:PutObject",
                "s3:DeleteObject",
              ],
              "Effect": "Allow",
              "Resource": {
                "Fn::Join": [
                  "",
                  [
                    {
                      "Fn::GetAtt": [
                        "staticstaticServing53194089",
                        "Arn",
                      ],
                    },
                    "/*",
                  ],
                ],
              },
            },
            {
              "Action": [
                "dynamodb:Scan",
                "dynamodb:Query",
              ],
              "Effect": "Allow",
              "Resource": [
                {
                  "Fn::GetAtt": [
                    "storeRecipeTableC3AD84B7",
                    "Arn",
                  ],
                },
                {
                  "Fn::Join": [
                    "",
                    [
                      {
                        "Fn::GetAtt": [
                          "storeRecipeTableC3AD84B7",
                          "Arn",
                        ],
                      },
                      "/index/*",
                    ],
                  ],
                },
              ],
            },
            {
              "Action": [
                "s3:GetObject*",
                "s3:GetBucket*",
                "s3:List*",
              ],
              "Effect": "Allow",
              "Resource": [
                {
                  "Fn::Join": [
                    "",
                    [
                      "arn:",
                      {
                        "Ref": "AWS::Partition",
                      },
                      ":s3:::",
                      {
                        "Ref": "DistributionBucketName",
                      },
                    ],
                  ],
                },
                {
                  "Fn::Join": [
                    "",
                    [
                      "arn:",
                      {
                        "Ref": "AWS::Partition",
                      },
                      ":s3:::",
                      {
                        "Ref": "DistributionBucketName",
                      },
                      "/content-api/TEST/recipes-backend-testindex/test-indexbuild-lambda.zip",
                    ],
                  ],
                },
              ],
            },
            {
              "Action": "ssm:GetParametersByPath",
              "Effect": "Allow",
              "Resource": {
                "Fn::Join": [
                  "",
                  [
                    "arn:aws:ssm:",
                    {
                      "Ref": "AWS::Region",
                    },
                    ":",
                    {
                      "Ref": "AWS::AccountId",
                    },
                    ":parameter/TEST/content-api/recipes-backend-testindex",
                  ],
                ],
              },
            },
            {
              "Action": [
                "ssm:GetParameters",
                "ssm:GetParameter",
              ],
              "Effect": "Allow",
              "Resource": {
                "Fn::Join": [
                  "",
                  [
                    "arn:aws:ssm:",
                    {
                      "Ref": "AWS::Region",
                    },
                    ":",
                    {
                      "Ref": "AWS::AccountId",
                    },
                    ":parameter/TEST/content-api/recipes-backend-testindex/*",
                  ],
                ],
              },
            },
          ],
          "Version": "2012-10-17",
        },
        "PolicyName": "testIndexLambdaServiceRoleDefaultPolicyD508FE80",
        "Roles": [
          {
            "Ref": "testIndexLambdaServiceRole56B9AD34",
          },
        ],
      },
      "Type": "AWS::IAM::Policy",
    },
    "updaterLambdaE2EB52D9": {
      "DependsOn": [
        "updaterLambdaServiceRoleDefaultPolicy290C193D",
        "updaterLambdaServiceRole83C687C0",
      ],
      "Properties": {
        "Code": {
          "S3Bucket": {
            "Ref": "DistributionBucketName",
          },
          "S3Key": "content-api/TEST/recipes-responder/recipes-responder.zip",
        },
        "Environment": {
          "Variables": {
            "APP": "recipes-responder",
            "CAPI_KEY": {
              "Ref": "capiKey",
            },
            "CONTENT_URL_BASE": "recipes.guardianapis.com",
            "DEBUG_LOGS": "true",
            "FASTLY_API_KEY": {
              "Ref": "fastlyKey",
            },
            "INDEX_TABLE": {
              "Ref": "storeRecipeTableC3AD84B7",
            },
            "LAST_UPDATED_INDEX": "idxArticleLastUpdated",
            "STACK": "content-api",
            "STAGE": "TEST",
            "STATIC_BUCKET": {
              "Ref": "staticstaticServing53194089",
            },
          },
        },
        "Handler": "main.handler",
        "MemorySize": 512,
        "Role": {
          "Fn::GetAtt": [
            "updaterLambdaServiceRole83C687C0",
            "Arn",
          ],
        },
        "Runtime": "nodejs18.x",
        "Tags": [
          {
            "Key": "App",
            "Value": "recipes-responder",
          },
          {
            "Key": "gu:cdk:version",
            "Value": "TEST",
          },
          {
            "Key": "gu:repo",
            "Value": "guardian/recipes-backend",
          },
          {
            "Key": "Stack",
            "Value": "content-api",
          },
          {
            "Key": "Stage",
            "Value": "TEST",
          },
        ],
        "Timeout": 30,
      },
      "Type": "AWS::Lambda::Function",
    },
    "updaterLambdaKinesisEventSourceRecipesBackendcontentapifirehosev2TEST610C4BA2C96AE54F": {
      "Properties": {
        "BatchSize": 100,
        "BisectBatchOnFunctionError": true,
        "EventSourceArn": {
          "Fn::Join": [
            "",
            [
              "arn:aws:kinesis:",
              {
                "Ref": "AWS::Region",
              },
              ":",
              {
                "Ref": "AWS::AccountId",
              },
              ":stream/content-api-firehose-v2-TEST",
            ],
          ],
        },
        "FunctionName": {
          "Ref": "updaterLambdaE2EB52D9",
        },
        "MaximumRetryAttempts": 5,
        "StartingPosition": "LATEST",
      },
      "Type": "AWS::Lambda::EventSourceMapping",
    },
    "updaterLambdaServiceRole83C687C0": {
      "Properties": {
        "AssumeRolePolicyDocument": {
          "Statement": [
            {
              "Action": "sts:AssumeRole",
              "Effect": "Allow",
              "Principal": {
                "Service": "lambda.amazonaws.com",
              },
            },
          ],
          "Version": "2012-10-17",
        },
        "ManagedPolicyArns": [
          {
            "Fn::Join": [
              "",
              [
                "arn:",
                {
                  "Ref": "AWS::Partition",
                },
                ":iam::aws:policy/service-role/AWSLambdaBasicExecutionRole",
              ],
            ],
          },
        ],
        "Tags": [
          {
            "Key": "App",
            "Value": "recipes-responder",
          },
          {
            "Key": "gu:cdk:version",
            "Value": "TEST",
          },
          {
            "Key": "gu:repo",
            "Value": "guardian/recipes-backend",
          },
          {
            "Key": "Stack",
            "Value": "content-api",
          },
          {
            "Key": "Stage",
            "Value": "TEST",
          },
        ],
      },
      "Type": "AWS::IAM::Role",
    },
    "updaterLambdaServiceRoleDefaultPolicy290C193D": {
      "Properties": {
        "PolicyDocument": {
          "Statement": [
            {
              "Action": [
                "s3:PutObject",
                "s3:DeleteObject",
              ],
              "Effect": "Allow",
              "Resource": {
                "Fn::Join": [
                  "",
                  [
                    {
                      "Fn::GetAtt": [
                        "staticstaticServing53194089",
                        "Arn",
                      ],
                    },
                    "/*",
                  ],
                ],
              },
            },
            {
              "Action": [
                "dynamodb:Scan",
                "dynamodb:Query",
                "dynamodb:BatchWriteItem",
                "dynamodb:DeleteItem",
                "dynamodb:PutItem",
              ],
              "Effect": "Allow",
              "Resource": [
                {
                  "Fn::GetAtt": [
                    "storeRecipeTableC3AD84B7",
                    "Arn",
                  ],
                },
                {
                  "Fn::Join": [
                    "",
                    [
                      {
                        "Fn::GetAtt": [
                          "storeRecipeTableC3AD84B7",
                          "Arn",
                        ],
                      },
                      "/index/*",
                    ],
                  ],
                },
              ],
            },
            {
              "Action": "cloudwatch:PutMetricData",
              "Effect": "Allow",
              "Resource": "*",
            },
            {
              "Action": [
                "s3:GetObject*",
                "s3:GetBucket*",
                "s3:List*",
              ],
              "Effect": "Allow",
              "Resource": [
                {
                  "Fn::Join": [
                    "",
                    [
                      "arn:",
                      {
                        "Ref": "AWS::Partition",
                      },
                      ":s3:::",
                      {
                        "Ref": "DistributionBucketName",
                      },
                    ],
                  ],
                },
                {
                  "Fn::Join": [
                    "",
                    [
                      "arn:",
                      {
                        "Ref": "AWS::Partition",
                      },
                      ":s3:::",
                      {
                        "Ref": "DistributionBucketName",
                      },
                      "/content-api/TEST/recipes-responder/recipes-responder.zip",
                    ],
                  ],
                },
              ],
            },
            {
              "Action": "ssm:GetParametersByPath",
              "Effect": "Allow",
              "Resource": {
                "Fn::Join": [
                  "",
                  [
                    "arn:aws:ssm:",
                    {
                      "Ref": "AWS::Region",
                    },
                    ":",
                    {
                      "Ref": "AWS::AccountId",
                    },
                    ":parameter/TEST/content-api/recipes-responder",
                  ],
                ],
              },
            },
            {
              "Action": [
                "ssm:GetParameters",
                "ssm:GetParameter",
              ],
              "Effect": "Allow",
              "Resource": {
                "Fn::Join": [
                  "",
                  [
                    "arn:aws:ssm:",
                    {
                      "Ref": "AWS::Region",
                    },
                    ":",
                    {
                      "Ref": "AWS::AccountId",
                    },
                    ":parameter/TEST/content-api/recipes-responder/*",
                  ],
                ],
              },
            },
            {
              "Action": [
                "kinesis:DescribeStreamSummary",
                "kinesis:GetRecords",
                "kinesis:GetShardIterator",
                "kinesis:ListShards",
                "kinesis:SubscribeToShard",
                "kinesis:DescribeStream",
                "kinesis:ListStreams",
                "kinesis:DescribeStreamConsumer",
              ],
              "Effect": "Allow",
              "Resource": {
                "Fn::Join": [
                  "",
                  [
                    "arn:aws:kinesis:",
                    {
                      "Ref": "AWS::Region",
                    },
                    ":",
                    {
                      "Ref": "AWS::AccountId",
                    },
                    ":stream/content-api-firehose-v2-TEST",
                  ],
                ],
              },
            },
            {
              "Action": "kinesis:DescribeStream",
              "Effect": "Allow",
              "Resource": {
                "Fn::Join": [
                  "",
                  [
                    "arn:aws:kinesis:",
                    {
                      "Ref": "AWS::Region",
                    },
                    ":",
                    {
                      "Ref": "AWS::AccountId",
                    },
                    ":stream/content-api-firehose-v2-TEST",
                  ],
                ],
              },
            },
          ],
          "Version": "2012-10-17",
        },
        "PolicyName": "updaterLambdaServiceRoleDefaultPolicy290C193D",
        "Roles": [
          {
            "Ref": "updaterLambdaServiceRole83C687C0",
          },
        ],
      },
      "Type": "AWS::IAM::Policy",
    },
  },
}
`;
